exports[`Home Home renders without crashing 1`] = `
<div>
  <div
    className="row">
    <div
      className="col-md-6 col-xs-12">
      <div
        className="LtDPr">
        <img
          alt="The Dance Gallery Building"
          className="gpYIjS img-responsive"
          src="building_banner.png" />
        <div>
          <h1>
            Welcome to the Dance Gallery!
          </h1>
          <p>
            Whether looking for a recreational dance experience or for more serious training, The Dance Gallery has much to offer. Our motto “where we have fun, taking dance seriously” allows students of all levels to be welcomed, nurtured and find great joy in making their dance dreams come true. Fantasy and playfulness for our younger students. Training and discipline for everyone who yearns to Dance!
          </p>
          <p>
            Under the direction of owner Karla McNeill, faculty members are degreed in dance, education and counseling. Most have been on faculty for over a decade and are supported by assistant teachers to provide our low student/teacher ratio. The faculty is encouraging, loving and are experienced dancers and teachers.
          </p>
          <p>
            All music, movements and costuming are age appropriate. From the studio, to the stage, to national events. Everyone performs their best at The Dance Gallery.
          </p>
          <p>
            Classes are available for: Pre-school dance, ballet, pointe, tap, jazz, hip hop, contemporary and adult tap classes
          </p>
          <p>
            For more information, view our 
            <a
              href="http://www.thedancegallery.com/pdf/2016%20Dance%20Gallery%20Brochure.pdf"
              target="__blank">
              Dance Gallery 2016 brochure
            </a>
            !
          </p>
        </div>
      </div>
    </div>
    <div
      className="col-md-6 col-xs-12">
      <div
        className="row">
        <div
          className="col-xs-12">
          <div
            className="LtDPr">
            <div
              className="row">
              <div
                className="col-sm-6 col-xs-12">
                <div>
                  <h1>
                    Announcements
                  </h1>
                  <h3>
                    Shoes & Dancewear
                  </h3>
                  <p>
                    We have ballet shoes, tap shoes and jazz shoes plus leotards and tights for all dance students in West Texas. Come shop with us!!!!!
                  </p>
                  <h3>
                    Register Today
                  </h3>
                  <ul>
                    <li>
                      Now offering Desire 2 Dance Class for the little girl who will be 3 by Dec, 1st
                    </li>
                    <li>
                      Ladies Tap is back this Fall- September 21st-October 26th
                    </li>
                  </ul>
                </div>
              </div>
              <div
                className="col-sm-6 col-xs-12">
                <img
                  alt="Dancers"
                  className="gpYIjS img-responsive"
                  src="dancers.png" />
              </div>
            </div>
          </div>
        </div>
      </div>
    </div>
  </div>
</div>
`;
